fp
"(define fp (open-input-file "test/file.in")) ; fp"
