null?
cddr
is-sorted?
less-than-list
greater-equal-list
sort
(1 2 3 4 5 6 7 8 9)
(1 2 3 4 5 6 7 8 9)
#f
#t
