"abcdefg"
"cdefg"
"cde"
0
7
("this" "is" "the" "string")
""
""
""
""
"foo"
"foobar"
"foobarbaz"
