1
1.000000
"abc"
2
2.345000
"def"
3
3789.000000
"ghi"
0
1
0
-1
4
1
2
12
3
11
42
2
2.000000
3
8
96
16.000000
a
2
b
3
b
5
double
14
16
30
c
14
(a b c d)
a
(b c d)
(a b c d)
(a b c d)
#t
#f
#t
#f
#f
#f
#f
#t
#f
#t
#t
#t
5
7
16
()
#t
#f
(1 2 3 4 5 6)
"cdefg"
"cde"
0
7
